../Core/Src/stm32f4xx_it.c:74:6:NMI_Handler	4	static
../Core/Src/stm32f4xx_it.c:89:6:HardFault_Handler	4	static
../Core/Src/stm32f4xx_it.c:104:6:MemManage_Handler	4	static
../Core/Src/stm32f4xx_it.c:119:6:BusFault_Handler	4	static
../Core/Src/stm32f4xx_it.c:134:6:UsageFault_Handler	4	static
../Core/Src/stm32f4xx_it.c:149:6:SVC_Handler	4	static
../Core/Src/stm32f4xx_it.c:162:6:DebugMon_Handler	4	static
../Core/Src/stm32f4xx_it.c:175:6:PendSV_Handler	4	static
../Core/Src/stm32f4xx_it.c:188:6:SysTick_Handler	8	static
../Core/Src/stm32f4xx_it.c:209:6:DMA1_Stream5_IRQHandler	8	static
../Core/Src/stm32f4xx_it.c:223:6:TIM1_UP_TIM10_IRQHandler	8	static
../Core/Src/stm32f4xx_it.c:237:6:USART2_IRQHandler	16	static
../Core/Src/stm32f4xx_it.c:265:6:EXTI15_10_IRQHandler	8	static
../Core/Src/stm32f4xx_it.c:279:6:DMA2_Stream1_IRQHandler	8	static
../Core/Src/stm32f4xx_it.c:293:6:OTG_FS_IRQHandler	8	static
../Core/Src/stm32f4xx_it.c:307:6:USART6_IRQHandler	8	static
../Core/Src/stm32f4xx_it.c:325:6:HAL_TIM_PeriodElapsedCallback	24	static
../Core/Src/stm32f4xx_it.c:352:6:HAL_UART_RxCpltCallback	16	static
../Core/Src/stm32f4xx_it.c:357:6:HAL_UARTEx_RxEventCallback	16	static
../Core/Src/stm32f4xx_it.c:397:6:HAL_GPIO_EXTI_Callback	16	static
