../Core/Src/user_uart_proc.c:37:16:Decode_CalChecksum	32	static
../Core/Src/user_uart_proc.c:81:16:Decode_CKT_GetChecksum	24	static
../Core/Src/user_uart_proc.c:103:6:mseq_upload_master	32	static
../Core/Src/user_uart_proc.c:119:6:mseq_upload_device	24	static
../Core/Src/user_uart_proc.c:134:6:mseq_display	32	static
../Core/Src/user_uart_proc.c:148:6:debug_buf_read	8	static
../Core/Src/user_uart_proc.c:162:16:Decode_MC_ReadWrite	24	static
../Core/Src/user_uart_proc.c:191:16:Print_MC_CommunicationChannel	24	static
../Core/Src/user_uart_proc.c:215:16:Decode_MC_Address	24	static
../Core/Src/user_uart_proc.c:224:16:Decode_CKT_Type	24	static
../Core/Src/user_uart_proc.c:233:16:Decode_CKT_Checksum	24	static
../Core/Src/user_uart_proc.c:242:16:Decode_CKS_EventFlag	24	static
../Core/Src/user_uart_proc.c:266:16:Decode_CKS_PDStatus	24	static
../Core/Src/user_uart_proc.c:290:16:Decode_CKS_Checksum	24	static
../Core/Src/user_uart_proc.c:299:16:Decode_CKT_AllDataChecksum	24	static
../Core/Src/user_uart_proc.c:317:16:Decode_CKS_AllDataChecksum	24	static
../Core/Src/user_uart_proc.c:337:6:Mseq_Display_PacketFrame	64	static
../Core/Src/user_uart_proc.c:363:16:UserButton_BufferClear	16	static
../Core/Src/user_uart_proc.c:385:6:UART_RX_BufferClear	8	static
