../Core/Src/user_uart_proc.c:37:16:Decode_CalChecksum	32	static
../Core/Src/user_uart_proc.c:103:16:Decode_CKT_GetChecksum	24	static
../Core/Src/user_uart_proc.c:125:6:Verification_CKTChecksum	16	static
../Core/Src/user_uart_proc.c:151:6:mseq_upload_master	24	static
../Core/Src/user_uart_proc.c:201:6:mseq_upload_device	24	static
../Core/Src/user_uart_proc.c:229:6:mseq_uploaderror_device	4	static
../Core/Src/user_uart_proc.c:234:6:mseq_display	32	static
../Core/Src/user_uart_proc.c:252:6:debug_buf_read	8	static
../Core/Src/user_uart_proc.c:279:16:Decode_MC_ReadWrite	24	static
../Core/Src/user_uart_proc.c:308:16:Print_MC_CommunicationChannel	24	static
../Core/Src/user_uart_proc.c:332:16:Decode_MC_Address	24	static
../Core/Src/user_uart_proc.c:341:16:Decode_CKT_Type	24	static
../Core/Src/user_uart_proc.c:350:16:Decode_CKT_Checksum	24	static
../Core/Src/user_uart_proc.c:359:16:Decode_CKS_EventFlag	24	static
../Core/Src/user_uart_proc.c:383:16:Decode_CKS_PDStatus	24	static
../Core/Src/user_uart_proc.c:407:16:Decode_CKS_Checksum	24	static
../Core/Src/user_uart_proc.c:416:16:Decode_CKT_AllDataChecksum	24	static
../Core/Src/user_uart_proc.c:434:16:Decode_CKS_AllDataChecksum	24	static
../Core/Src/user_uart_proc.c:454:6:Mseq_Display_PacketFrame	64	static
../Core/Src/user_uart_proc.c:499:16:UserButton_BufferClear	16	static
../Core/Src/user_uart_proc.c:522:6:UART_RX_BufferClear	8	static
