../Core/Src/user_uart_proc.c:37:16:Decode_CalChecksum	32	static
../Core/Src/user_uart_proc.c:95:16:Decode_CKT_GetChecksum	24	static
../Core/Src/user_uart_proc.c:117:6:Verification_CKTChecksum	16	static
../Core/Src/user_uart_proc.c:143:6:mseq_upload_master	32	static
../Core/Src/user_uart_proc.c:170:6:mseq_upload_device	24	static
../Core/Src/user_uart_proc.c:185:6:mseq_display	32	static
../Core/Src/user_uart_proc.c:199:6:debug_buf_read	8	static
../Core/Src/user_uart_proc.c:213:16:Decode_MC_ReadWrite	24	static
../Core/Src/user_uart_proc.c:242:16:Print_MC_CommunicationChannel	24	static
../Core/Src/user_uart_proc.c:266:16:Decode_MC_Address	24	static
../Core/Src/user_uart_proc.c:275:16:Decode_CKT_Type	24	static
../Core/Src/user_uart_proc.c:284:16:Decode_CKT_Checksum	24	static
../Core/Src/user_uart_proc.c:293:16:Decode_CKS_EventFlag	24	static
../Core/Src/user_uart_proc.c:317:16:Decode_CKS_PDStatus	24	static
../Core/Src/user_uart_proc.c:341:16:Decode_CKS_Checksum	24	static
../Core/Src/user_uart_proc.c:350:16:Decode_CKT_AllDataChecksum	24	static
../Core/Src/user_uart_proc.c:368:16:Decode_CKS_AllDataChecksum	24	static
../Core/Src/user_uart_proc.c:388:6:Mseq_Display_PacketFrame	64	static
../Core/Src/user_uart_proc.c:433:16:UserButton_BufferClear	16	static
../Core/Src/user_uart_proc.c:455:6:UART_RX_BufferClear	8	static
