../Core/Src/user_uart_proc.c:37:16:Decode_CalChecksum	32	static
../Core/Src/user_uart_proc.c:103:16:Decode_CKT_GetChecksum	24	static
../Core/Src/user_uart_proc.c:125:6:Verification_CKTChecksum	16	static
../Core/Src/user_uart_proc.c:151:6:mseq_upload_master	24	static
../Core/Src/user_uart_proc.c:202:6:mseq_upload_device	24	static
../Core/Src/user_uart_proc.c:226:6:mseq_display	32	static
../Core/Src/user_uart_proc.c:244:6:debug_buf_read	8	static
../Core/Src/user_uart_proc.c:258:16:Decode_MC_ReadWrite	24	static
../Core/Src/user_uart_proc.c:287:16:Print_MC_CommunicationChannel	24	static
../Core/Src/user_uart_proc.c:311:16:Decode_MC_Address	24	static
../Core/Src/user_uart_proc.c:320:16:Decode_CKT_Type	24	static
../Core/Src/user_uart_proc.c:329:16:Decode_CKT_Checksum	24	static
../Core/Src/user_uart_proc.c:338:16:Decode_CKS_EventFlag	24	static
../Core/Src/user_uart_proc.c:362:16:Decode_CKS_PDStatus	24	static
../Core/Src/user_uart_proc.c:386:16:Decode_CKS_Checksum	24	static
../Core/Src/user_uart_proc.c:395:16:Decode_CKT_AllDataChecksum	24	static
../Core/Src/user_uart_proc.c:413:16:Decode_CKS_AllDataChecksum	24	static
../Core/Src/user_uart_proc.c:433:6:Mseq_Display_PacketFrame	64	static
../Core/Src/user_uart_proc.c:479:16:UserButton_BufferClear	16	static
../Core/Src/user_uart_proc.c:502:6:UART_RX_BufferClear	8	static
