../Core/Src/user_uart_proc.c:37:16:Decode_CalChecksum	32	static
../Core/Src/user_uart_proc.c:95:16:Decode_CKT_GetChecksum	24	static
../Core/Src/user_uart_proc.c:117:6:Verification_CKTChecksum	16	static
../Core/Src/user_uart_proc.c:143:6:mseq_upload_master	32	static
../Core/Src/user_uart_proc.c:189:6:mseq_upload_device	24	static
../Core/Src/user_uart_proc.c:205:6:mseq_display	32	static
../Core/Src/user_uart_proc.c:221:6:debug_buf_read	8	static
../Core/Src/user_uart_proc.c:235:16:Decode_MC_ReadWrite	24	static
../Core/Src/user_uart_proc.c:264:16:Print_MC_CommunicationChannel	24	static
../Core/Src/user_uart_proc.c:288:16:Decode_MC_Address	24	static
../Core/Src/user_uart_proc.c:297:16:Decode_CKT_Type	24	static
../Core/Src/user_uart_proc.c:306:16:Decode_CKT_Checksum	24	static
../Core/Src/user_uart_proc.c:315:16:Decode_CKS_EventFlag	24	static
../Core/Src/user_uart_proc.c:339:16:Decode_CKS_PDStatus	24	static
../Core/Src/user_uart_proc.c:363:16:Decode_CKS_Checksum	24	static
../Core/Src/user_uart_proc.c:372:16:Decode_CKT_AllDataChecksum	24	static
../Core/Src/user_uart_proc.c:390:16:Decode_CKS_AllDataChecksum	24	static
../Core/Src/user_uart_proc.c:410:6:Mseq_Display_PacketFrame	64	static
../Core/Src/user_uart_proc.c:456:16:UserButton_BufferClear	16	static
../Core/Src/user_uart_proc.c:478:6:UART_RX_BufferClear	8	static
